// Jest Snapshot v1, https://goo.gl/fbAQLP

exports[`Calculator page of the App Builds the snapchot of the Calculator component safely 1`] = `
<div
  className="calculator-div"
>
  <div
    className="input"
  />
  <div
    className="buttons-div"
  >
    <button
      onClick={[Function]}
      type="button"
    >
      AC
    </button>
    <button
      onClick={[Function]}
      type="button"
    >
      +/-
    </button>
    <button
      onClick={[Function]}
      type="button"
    >
      %
    </button>
    <button
      onClick={[Function]}
      type="button"
    >
      รท
    </button>
    <button
      onClick={[Function]}
      type="button"
    >
      7
    </button>
    <button
      onClick={[Function]}
      type="button"
    >
      8
    </button>
    <button
      onClick={[Function]}
      type="button"
    >
      9
    </button>
    <button
      onClick={[Function]}
      type="button"
    >
      x
    </button>
    <button
      onClick={[Function]}
      type="button"
    >
      4
    </button>
    <button
      onClick={[Function]}
      type="button"
    >
      5
    </button>
    <button
      onClick={[Function]}
      type="button"
    >
      6
    </button>
    <button
      onClick={[Function]}
      type="button"
    >
      -
    </button>
    <button
      onClick={[Function]}
      type="button"
    >
      1
    </button>
    <button
      onClick={[Function]}
      type="button"
    >
      2
    </button>
    <button
      onClick={[Function]}
      type="button"
    >
      3
    </button>
    <button
      onClick={[Function]}
      type="button"
    >
      +
    </button>
    <button
      onClick={[Function]}
      type="button"
    >
      0
    </button>
    <button
      onClick={[Function]}
      type="button"
    >
      .
    </button>
    <button
      onClick={[Function]}
      type="button"
    >
      =
    </button>
  </div>
</div>
`;
