// Jest Snapshot v1, https://goo.gl/fbAQLP

exports[`Navbar Builds the snapchot of the navbar component safely 1`] = `
<nav
  className="navBar"
>
  <h1>
    Math Magician
  </h1>
  <ul>
    <li>
      <a
        className=""
        href="/home"
        onClick={[Function]}
      >
        Home
      </a>
    </li>
    <li>
      <a
        className=""
        href="/calculator"
        onClick={[Function]}
      >
        Calculator
      </a>
    </li>
    <li>
      <a
        className=""
        href="/quote"
        onClick={[Function]}
      >
        Quote
      </a>
    </li>
  </ul>
</nav>
`;
